ax-js Test Report
============================================================
Date: 2026-03-22

Result: ALL PASSED (604/604 tests)

------------------------------------------------------------
Category                         Tests  Status
------------------------------------------------------------
BoTorch Parity                     139  139 passed
Ax-Level Parity                     44  44 passed
Relativization                      52  52 passed
Explorer Metadata                   10  10 passed
Predictor                           25  25 passed
API Smoke Tests                      7  7 passed
Kernels                             38  38 passed
Linear Algebra                      32  32 passed
Models                              13  13 passed
Transforms                          40  40 passed
IO / Deserialization                 6  6 passed
Acquisition Functions               43  43 passed
Other                              155  155 passed
------------------------------------------------------------
Total                              604  ALL PASSED

Detailed Breakdown
============================================================

[BoTorch Parity]
  139/139  BoTorch parity

[Ax-Level Parity]
  44/44  Predictor ↔ Ax Adapter parity

[Relativization]
  4/4  posterior covariance numerics
  2/2  relativize with covariance (tighter CIs)
  15/15  relativize integration (internal consistency)
  5/5  covariance: MultiTaskGP
  10/10  covariance: ModelListGP
  5/5  covariance: PairwiseGP
  5/5  covariance: EnsembleGP (SAAS)
  6/6  relativize parity with Ax

[Explorer Metadata]
  10/10  explorer fixture metadata

[Predictor]
  25/25  Predictor

[API Smoke Tests]
  7/7  Public API smoke

[Kernels]
  4/4  buildKernel
  1/1  ActiveDimsKernel
  2/2  AdditiveKernel
  2/2  ProductKernel
  3/3  CategoricalKernel
  1/1  kernelDiag
  6/6  Kernel.computeDiag parity
  2/2  cdistSquared
  2/2  cdist
  7/7  MaternKernel
  2/2  IndexKernel
  2/2  MultitaskKernel
  4/4  RBFKernel

[Linear Algebra]
  4/4  cholesky
  3/3  LU decomposition
  3/3  solveLU
  9/9  Matrix
  2/2  transpose
  2/2  matmul
  1/1  add
  1/1  scale
  1/1  dot
  6/6  triangular solvers

[Models]
  3/3  ExactGP
  4/4  ExactGP K* caching (Tier 2.2)
  6/6  MultiTaskGP

[Transforms]
  2/2  StandardizeUntransform
  3/3  LogUntransform (exact log-normal)
  5/5  BilogUntransform (delta method)
  9/9  PowerUntransform (Yeo-Johnson, CI-width matching)
  2/2  ChainedOutcomeUntransform
  9/9  relativize
  3/3  unrelativize
  2/2  relativizePredictions
  5/5  InputWarp (Kumaraswamy)

[IO / Deserialization]
  6/6  loadModel dispatch

[Acquisition Functions]
  3/3  UpperConfidenceBound
  3/3  ExpectedImprovement
  3/3  LogExpectedImprovement
  3/3  posteriorCovariance
  3/3  sampleMVN
  3/3  ThompsonSampling
  5/5  optimizeAcqf
  6/6  EUBO
  1/1  EUBO + optimize
  1/1  PairwiseGP posteriorCovariance
  3/3  normalPdf
  4/4  normalCdf
  1/1  logNormalPdf
  4/4  logNormalCdf

[Other]
  18/18  explorer data layer
  5/5  buildMetricConfigs
  7/7  haltonSequence
  12/12  computeSobolIndices
  7/7  Predictor.computeSensitivity
  4/4  erf
  4/4  normalCdf
  3/3  gaussLegendre01
  4/4  RbfDimIntegrator
  5/5  CategoricalDimIntegrator
  3/3  QuadratureDimIntegrator
  9/9  MaternDimIntegrator
  7/7  extractKernelComponents
  5/5  computeAnalyticSobolIndices
  12/12  computeAnalyticSobolIndices with Matérn
  5/5  analytic vs MC parity on fixtures
  3/3  fallback to MC
  1/1  MultiTaskGP analytic sensitivity
  1/1  mixed kernel (Product(RBF, Categorical))
  1/1  caching
  3/3  rbfGeneralizedCross
  5/5  computeEnsembleAnalyticSobol
  30/30  kernelCorrelation invariants
  1/1  kernelCorrelation with warp

------------------------------------------------------------
Parity fixture details are printed to console during test run.
See docs/testing.md for fixture system documentation.
